Archive member included to satisfy reference by file (symbol)

/usr/lib/gcc/avr/7.2.0/avr25/tiny-stack/libgcc.a(_udivmodhi4.o)
                              obj/Release/main.o (__udivmodhi4)
/usr/lib/gcc/avr/7.2.0/avr25/tiny-stack/libgcc.a(_exit.o)
                              /usr/lib/gcc/avr/7.2.0/../../../../avr/lib/avr25/tiny-stack/crtattiny2313.o (exit)
/usr/lib/gcc/avr/7.2.0/avr25/tiny-stack/libgcc.a(_copy_data.o)
                              obj/Release/main.o (__do_copy_data)
/usr/lib/gcc/avr/7.2.0/avr25/tiny-stack/libgcc.a(_clear_bss.o)
                              obj/Release/main.o (__do_clear_bss)

Memory Configuration

Name             Origin             Length             Attributes
text             0x0000000000000000 0x0000000000002000 xr
data             0x0000000000800060 0x000000000000ffa0 rw !x
eeprom           0x0000000000810000 0x0000000000010000 rw !x
fuse             0x0000000000820000 0x0000000000000400 rw !x
lock             0x0000000000830000 0x0000000000000400 rw !x
signature        0x0000000000840000 0x0000000000000400 rw !x
user_signatures  0x0000000000850000 0x0000000000000400 rw !x
*default*        0x0000000000000000 0xffffffffffffffff

Linker script and memory map

LOAD /usr/lib/gcc/avr/7.2.0/../../../../avr/lib/avr25/tiny-stack/crtattiny2313.o
LOAD obj/Release/main.o
LOAD obj/Release/uart.o
START GROUP
LOAD /usr/lib/gcc/avr/7.2.0/avr25/tiny-stack/libgcc.a
LOAD /usr/lib/gcc/avr/7.2.0/../../../../avr/lib/avr25/tiny-stack/libm.a
LOAD /usr/lib/gcc/avr/7.2.0/../../../../avr/lib/avr25/tiny-stack/libc.a
LOAD /usr/lib/gcc/avr/7.2.0/../../../../avr/lib/avr25/tiny-stack/libattiny2313.a
END GROUP
                0x0000000000002000                __TEXT_REGION_LENGTH__ = DEFINED (__TEXT_REGION_LENGTH__)?__TEXT_REGION_LENGTH__:0x2000
                0x000000000000ffa0                __DATA_REGION_LENGTH__ = DEFINED (__DATA_REGION_LENGTH__)?__DATA_REGION_LENGTH__:0xffa0
                0x0000000000010000                __EEPROM_REGION_LENGTH__ = DEFINED (__EEPROM_REGION_LENGTH__)?__EEPROM_REGION_LENGTH__:0x10000
                0x0000000000000400                __FUSE_REGION_LENGTH__ = DEFINED (__FUSE_REGION_LENGTH__)?__FUSE_REGION_LENGTH__:0x400
                0x0000000000000400                __LOCK_REGION_LENGTH__ = DEFINED (__LOCK_REGION_LENGTH__)?__LOCK_REGION_LENGTH__:0x400
                0x0000000000000400                __SIGNATURE_REGION_LENGTH__ = DEFINED (__SIGNATURE_REGION_LENGTH__)?__SIGNATURE_REGION_LENGTH__:0x400
                0x0000000000000400                __USER_SIGNATURE_REGION_LENGTH__ = DEFINED (__USER_SIGNATURE_REGION_LENGTH__)?__USER_SIGNATURE_REGION_LENGTH__:0x400

.hash
 *(.hash)

.dynsym
 *(.dynsym)

.dynstr
 *(.dynstr)

.gnu.version
 *(.gnu.version)

.gnu.version_d
 *(.gnu.version_d)

.gnu.version_r
 *(.gnu.version_r)

.rel.init
 *(.rel.init)

.rela.init
 *(.rela.init)

.rel.text
 *(.rel.text)
 *(.rel.text.*)
 *(.rel.gnu.linkonce.t*)

.rela.text
 *(.rela.text)
 *(.rela.text.*)
 *(.rela.gnu.linkonce.t*)

.rel.fini
 *(.rel.fini)

.rela.fini
 *(.rela.fini)

.rel.rodata
 *(.rel.rodata)
 *(.rel.rodata.*)
 *(.rel.gnu.linkonce.r*)

.rela.rodata
 *(.rela.rodata)
 *(.rela.rodata.*)
 *(.rela.gnu.linkonce.r*)

.rel.data
 *(.rel.data)
 *(.rel.data.*)
 *(.rel.gnu.linkonce.d*)

.rela.data
 *(.rela.data)
 *(.rela.data.*)
 *(.rela.gnu.linkonce.d*)

.rel.ctors
 *(.rel.ctors)

.rela.ctors
 *(.rela.ctors)

.rel.dtors
 *(.rel.dtors)

.rela.dtors
 *(.rela.dtors)

.rel.got
 *(.rel.got)

.rela.got
 *(.rela.got)

.rel.bss
 *(.rel.bss)

.rela.bss
 *(.rela.bss)

.rel.plt
 *(.rel.plt)

.rela.plt
 *(.rela.plt)

.text           0x0000000000000000      0x778
 *(.vectors)
 .vectors       0x0000000000000000       0x26 /usr/lib/gcc/avr/7.2.0/../../../../avr/lib/avr25/tiny-stack/crtattiny2313.o
                0x0000000000000000                __vectors
                0x0000000000000000                __vector_default
 *(.vectors)
 *(.progmem.gcc*)
                0x0000000000000026                . = ALIGN (0x2)
                0x0000000000000026                __trampolines_start = .
 *(.trampolines)
 .trampolines   0x0000000000000026        0x0 linker stubs
 *(.trampolines*)
                0x0000000000000026                __trampolines_end = .
 *libprintf_flt.a:*(.progmem.data)
 *libc.a:*(.progmem.data)
 *(.progmem*)
                0x0000000000000026                . = ALIGN (0x2)
 *(.lowtext)
 *(.lowtext*)
                0x0000000000000026                __ctors_start = .
 *(.ctors)
                0x0000000000000026                __ctors_end = .
                0x0000000000000026                __dtors_start = .
 *(.dtors)
                0x0000000000000026                __dtors_end = .
 SORT(*)(.ctors)
 SORT(*)(.dtors)
 *(.init0)
 .init0         0x0000000000000026        0x0 /usr/lib/gcc/avr/7.2.0/../../../../avr/lib/avr25/tiny-stack/crtattiny2313.o
                0x0000000000000026                __init
 *(.init0)
 *(.init1)
 *(.init1)
 *(.init2)
 .init2         0x0000000000000026        0x8 /usr/lib/gcc/avr/7.2.0/../../../../avr/lib/avr25/tiny-stack/crtattiny2313.o
 *(.init2)
 *(.init3)
 *(.init3)
 *(.init4)
 .init4         0x000000000000002e       0x16 /usr/lib/gcc/avr/7.2.0/avr25/tiny-stack/libgcc.a(_copy_data.o)
                0x000000000000002e                __do_copy_data
 .init4         0x0000000000000044       0x10 /usr/lib/gcc/avr/7.2.0/avr25/tiny-stack/libgcc.a(_clear_bss.o)
                0x0000000000000044                __do_clear_bss
 *(.init4)
 *(.init5)
 *(.init5)
 *(.init6)
 *(.init6)
 *(.init7)
 *(.init7)
 *(.init8)
 *(.init8)
 *(.init9)
 .init9         0x0000000000000054        0x4 /usr/lib/gcc/avr/7.2.0/../../../../avr/lib/avr25/tiny-stack/crtattiny2313.o
 *(.init9)
 *(.text)
 .text          0x0000000000000058        0x2 /usr/lib/gcc/avr/7.2.0/../../../../avr/lib/avr25/tiny-stack/crtattiny2313.o
                0x0000000000000058                __vector_1
                0x0000000000000058                __vector_12
                0x0000000000000058                __bad_interrupt
                0x0000000000000058                __vector_3
                0x0000000000000058                __vector_11
                0x0000000000000058                __vector_13
                0x0000000000000058                __vector_17
                0x0000000000000058                __vector_5
                0x0000000000000058                __vector_4
                0x0000000000000058                __vector_9
                0x0000000000000058                __vector_2
                0x0000000000000058                __vector_15
                0x0000000000000058                __vector_14
                0x0000000000000058                __vector_10
                0x0000000000000058                __vector_16
                0x0000000000000058                __vector_18
 .text          0x000000000000005a      0x41c obj/Release/main.o
                0x000000000000005a                rotary_init
                0x000000000000007c                rotary_process_1
                0x00000000000000b4                rotary_process_2
                0x00000000000000ee                checkV
                0x0000000000000166                checkA
                0x00000000000001de                crc16
                0x0000000000000218                readva
                0x000000000000030a                setvolts
                0x0000000000000380                setamps
                0x0000000000000404                millis_init
                0x0000000000000416                __vector_6
 .text          0x0000000000000476      0x164 obj/Release/uart.o
                0x0000000000000476                __vector_7
                0x00000000000004ce                __vector_8
                0x0000000000000518                uart_init
                0x0000000000000540                uart_flush
                0x000000000000054a                uart_getc
                0x0000000000000588                uart_putc
                0x00000000000005aa                uart_puts
                0x00000000000005c0                uart_puts_p
 .text          0x00000000000005da        0x0 /usr/lib/gcc/avr/7.2.0/avr25/tiny-stack/libgcc.a(_udivmodhi4.o)
 .text          0x00000000000005da        0x0 /usr/lib/gcc/avr/7.2.0/avr25/tiny-stack/libgcc.a(_exit.o)
 .text          0x00000000000005da        0x0 /usr/lib/gcc/avr/7.2.0/avr25/tiny-stack/libgcc.a(_copy_data.o)
 .text          0x00000000000005da        0x0 /usr/lib/gcc/avr/7.2.0/avr25/tiny-stack/libgcc.a(_clear_bss.o)
                0x00000000000005da                . = ALIGN (0x2)
 *(.text.*)
 .text.startup  0x00000000000005da      0x172 obj/Release/main.o
                0x00000000000005da                main
 .text.libgcc.mul
                0x000000000000074c        0x0 /usr/lib/gcc/avr/7.2.0/avr25/tiny-stack/libgcc.a(_udivmodhi4.o)
 .text.libgcc.div
                0x000000000000074c       0x28 /usr/lib/gcc/avr/7.2.0/avr25/tiny-stack/libgcc.a(_udivmodhi4.o)
                0x000000000000074c                __udivmodhi4
 .text.libgcc   0x0000000000000774        0x0 /usr/lib/gcc/avr/7.2.0/avr25/tiny-stack/libgcc.a(_udivmodhi4.o)
 .text.libgcc.prologue
                0x0000000000000774        0x0 /usr/lib/gcc/avr/7.2.0/avr25/tiny-stack/libgcc.a(_udivmodhi4.o)
 .text.libgcc.builtins
                0x0000000000000774        0x0 /usr/lib/gcc/avr/7.2.0/avr25/tiny-stack/libgcc.a(_udivmodhi4.o)
 .text.libgcc.fmul
                0x0000000000000774        0x0 /usr/lib/gcc/avr/7.2.0/avr25/tiny-stack/libgcc.a(_udivmodhi4.o)
 .text.libgcc.fixed
                0x0000000000000774        0x0 /usr/lib/gcc/avr/7.2.0/avr25/tiny-stack/libgcc.a(_udivmodhi4.o)
 .text.libgcc.mul
                0x0000000000000774        0x0 /usr/lib/gcc/avr/7.2.0/avr25/tiny-stack/libgcc.a(_exit.o)
 .text.libgcc.div
                0x0000000000000774        0x0 /usr/lib/gcc/avr/7.2.0/avr25/tiny-stack/libgcc.a(_exit.o)
 .text.libgcc   0x0000000000000774        0x0 /usr/lib/gcc/avr/7.2.0/avr25/tiny-stack/libgcc.a(_exit.o)
 .text.libgcc.prologue
                0x0000000000000774        0x0 /usr/lib/gcc/avr/7.2.0/avr25/tiny-stack/libgcc.a(_exit.o)
 .text.libgcc.builtins
                0x0000000000000774        0x0 /usr/lib/gcc/avr/7.2.0/avr25/tiny-stack/libgcc.a(_exit.o)
 .text.libgcc.fmul
                0x0000000000000774        0x0 /usr/lib/gcc/avr/7.2.0/avr25/tiny-stack/libgcc.a(_exit.o)
 .text.libgcc.fixed
                0x0000000000000774        0x0 /usr/lib/gcc/avr/7.2.0/avr25/tiny-stack/libgcc.a(_exit.o)
 .text.libgcc.mul
                0x0000000000000774        0x0 /usr/lib/gcc/avr/7.2.0/avr25/tiny-stack/libgcc.a(_copy_data.o)
 .text.libgcc.div
                0x0000000000000774        0x0 /usr/lib/gcc/avr/7.2.0/avr25/tiny-stack/libgcc.a(_copy_data.o)
 .text.libgcc   0x0000000000000774        0x0 /usr/lib/gcc/avr/7.2.0/avr25/tiny-stack/libgcc.a(_copy_data.o)
 .text.libgcc.prologue
                0x0000000000000774        0x0 /usr/lib/gcc/avr/7.2.0/avr25/tiny-stack/libgcc.a(_copy_data.o)
 .text.libgcc.builtins
                0x0000000000000774        0x0 /usr/lib/gcc/avr/7.2.0/avr25/tiny-stack/libgcc.a(_copy_data.o)
 .text.libgcc.fmul
                0x0000000000000774        0x0 /usr/lib/gcc/avr/7.2.0/avr25/tiny-stack/libgcc.a(_copy_data.o)
 .text.libgcc.fixed
                0x0000000000000774        0x0 /usr/lib/gcc/avr/7.2.0/avr25/tiny-stack/libgcc.a(_copy_data.o)
 .text.libgcc.mul
                0x0000000000000774        0x0 /usr/lib/gcc/avr/7.2.0/avr25/tiny-stack/libgcc.a(_clear_bss.o)
 .text.libgcc.div
                0x0000000000000774        0x0 /usr/lib/gcc/avr/7.2.0/avr25/tiny-stack/libgcc.a(_clear_bss.o)
 .text.libgcc   0x0000000000000774        0x0 /usr/lib/gcc/avr/7.2.0/avr25/tiny-stack/libgcc.a(_clear_bss.o)
 .text.libgcc.prologue
                0x0000000000000774        0x0 /usr/lib/gcc/avr/7.2.0/avr25/tiny-stack/libgcc.a(_clear_bss.o)
 .text.libgcc.builtins
                0x0000000000000774        0x0 /usr/lib/gcc/avr/7.2.0/avr25/tiny-stack/libgcc.a(_clear_bss.o)
 .text.libgcc.fmul
                0x0000000000000774        0x0 /usr/lib/gcc/avr/7.2.0/avr25/tiny-stack/libgcc.a(_clear_bss.o)
 .text.libgcc.fixed
                0x0000000000000774        0x0 /usr/lib/gcc/avr/7.2.0/avr25/tiny-stack/libgcc.a(_clear_bss.o)
                0x0000000000000774                . = ALIGN (0x2)
 *(.fini9)
 .fini9         0x0000000000000774        0x0 /usr/lib/gcc/avr/7.2.0/avr25/tiny-stack/libgcc.a(_exit.o)
                0x0000000000000774                exit
                0x0000000000000774                _exit
 *(.fini9)
 *(.fini8)
 *(.fini8)
 *(.fini7)
 *(.fini7)
 *(.fini6)
 *(.fini6)
 *(.fini5)
 *(.fini5)
 *(.fini4)
 *(.fini4)
 *(.fini3)
 *(.fini3)
 *(.fini2)
 *(.fini2)
 *(.fini1)
 *(.fini1)
 *(.fini0)
 .fini0         0x0000000000000774        0x4 /usr/lib/gcc/avr/7.2.0/avr25/tiny-stack/libgcc.a(_exit.o)
 *(.fini0)
 *(.hightext)
 *(.hightext*)
                0x0000000000000778                . = ALIGN (0x2)
 *(.jumptables)
 *(.jumptables*)
                0x0000000000000778                _etext = .

.data           0x0000000000800060       0x1e load address 0x0000000000000778
                0x0000000000800060                PROVIDE (__data_start, .)
 *(.data)
 .data          0x0000000000800060        0x0 /usr/lib/gcc/avr/7.2.0/../../../../avr/lib/avr25/tiny-stack/crtattiny2313.o
 .data          0x0000000000800060        0x2 obj/Release/main.o
                0x0000000000800060                amps10x
                0x0000000000800061                volt10x
 .data          0x0000000000800062        0x0 obj/Release/uart.o
 .data          0x0000000000800062        0x0 /usr/lib/gcc/avr/7.2.0/avr25/tiny-stack/libgcc.a(_udivmodhi4.o)
 .data          0x0000000000800062        0x0 /usr/lib/gcc/avr/7.2.0/avr25/tiny-stack/libgcc.a(_exit.o)
 .data          0x0000000000800062        0x0 /usr/lib/gcc/avr/7.2.0/avr25/tiny-stack/libgcc.a(_copy_data.o)
 .data          0x0000000000800062        0x0 /usr/lib/gcc/avr/7.2.0/avr25/tiny-stack/libgcc.a(_clear_bss.o)
 *(.data*)
 *(.gnu.linkonce.d*)
 *(.rodata)
 .rodata        0x0000000000800062       0x1c obj/Release/main.o
                0x0000000000800062                ttable
 *(.rodata*)
 *(.gnu.linkonce.r*)
                0x000000000080007e                . = ALIGN (0x2)
                0x000000000080007e                _edata = .
                0x000000000080007e                PROVIDE (__data_end, .)

.bss            0x000000000080007e       0x27
                0x000000000080007e                PROVIDE (__bss_start, .)
 *(.bss)
 .bss           0x000000000080007e        0x0 /usr/lib/gcc/avr/7.2.0/../../../../avr/lib/avr25/tiny-stack/crtattiny2313.o
 .bss           0x000000000080007e        0xa obj/Release/main.o
                0x000000000080007e                state_2
                0x000000000080007f                state_1
                0x0000000000800080                Avalue
                0x0000000000800082                Vvalue
                0x0000000000800084                now
                0x0000000000800086                tick
 .bss           0x0000000000800088       0x1d obj/Release/uart.o
 .bss           0x00000000008000a5        0x0 /usr/lib/gcc/avr/7.2.0/avr25/tiny-stack/libgcc.a(_udivmodhi4.o)
 .bss           0x00000000008000a5        0x0 /usr/lib/gcc/avr/7.2.0/avr25/tiny-stack/libgcc.a(_exit.o)
 .bss           0x00000000008000a5        0x0 /usr/lib/gcc/avr/7.2.0/avr25/tiny-stack/libgcc.a(_copy_data.o)
 .bss           0x00000000008000a5        0x0 /usr/lib/gcc/avr/7.2.0/avr25/tiny-stack/libgcc.a(_clear_bss.o)
 *(.bss*)
 *(COMMON)
                0x00000000008000a5                PROVIDE (__bss_end, .)
                0x0000000000000778                __data_load_start = LOADADDR (.data)
                0x0000000000000796                __data_load_end = (__data_load_start + SIZEOF (.data))

.noinit         0x00000000008000a5        0x0
                [!provide]                        PROVIDE (__noinit_start, .)
 *(.noinit*)
                [!provide]                        PROVIDE (__noinit_end, .)
                0x00000000008000a5                _end = .
                [!provide]                        PROVIDE (__heap_start, .)

.eeprom         0x0000000000810000        0x0
 *(.eeprom*)
                0x0000000000810000                __eeprom_end = .

.fuse
 *(.fuse)
 *(.lfuse)
 *(.hfuse)
 *(.efuse)

.lock
 *(.lock*)

.signature
 *(.signature*)

.stab
 *(.stab)

.stabstr
 *(.stabstr)

.stab.excl
 *(.stab.excl)

.stab.exclstr
 *(.stab.exclstr)

.stab.index
 *(.stab.index)

.stab.indexstr
 *(.stab.indexstr)

.comment        0x0000000000000000       0x11
 *(.comment)
 .comment       0x0000000000000000       0x11 obj/Release/main.o
                                         0x12 (size before relaxing)
 .comment       0x0000000000000011       0x12 obj/Release/uart.o

.note.gnu.avr.deviceinfo
                0x0000000000000000       0x40
 .note.gnu.avr.deviceinfo
                0x0000000000000000       0x40 /usr/lib/gcc/avr/7.2.0/../../../../avr/lib/avr25/tiny-stack/crtattiny2313.o

.note.gnu.build-id
 *(.note.gnu.build-id)

.debug
 *(.debug)

.line
 *(.line)

.debug_srcinfo
 *(.debug_srcinfo)

.debug_sfnames
 *(.debug_sfnames)

.debug_aranges
 *(.debug_aranges)

.debug_pubnames
 *(.debug_pubnames)

.debug_info     0x0000000000000000      0x40e
 *(.debug_info .gnu.linkonce.wi.*)
 .debug_info    0x0000000000000000      0x40e /usr/lib/gcc/avr/7.2.0/../../../../avr/lib/avr25/tiny-stack/crtattiny2313.o

.debug_abbrev   0x0000000000000000      0x3d7
 *(.debug_abbrev)
 .debug_abbrev  0x0000000000000000      0x3d7 /usr/lib/gcc/avr/7.2.0/../../../../avr/lib/avr25/tiny-stack/crtattiny2313.o

.debug_line     0x0000000000000000       0x1d
 *(.debug_line .debug_line.* .debug_line_end)
 .debug_line    0x0000000000000000       0x1d /usr/lib/gcc/avr/7.2.0/../../../../avr/lib/avr25/tiny-stack/crtattiny2313.o

.debug_frame
 *(.debug_frame)

.debug_str      0x0000000000000000      0x163
 *(.debug_str)
 .debug_str     0x0000000000000000      0x163 /usr/lib/gcc/avr/7.2.0/../../../../avr/lib/avr25/tiny-stack/crtattiny2313.o

.debug_loc
 *(.debug_loc)

.debug_macinfo
 *(.debug_macinfo)

.debug_weaknames
 *(.debug_weaknames)

.debug_funcnames
 *(.debug_funcnames)

.debug_typenames
 *(.debug_typenames)

.debug_varnames
 *(.debug_varnames)

.debug_pubtypes
 *(.debug_pubtypes)

.debug_ranges
 *(.debug_ranges)

.debug_macro
 *(.debug_macro)

.debug_addr
 *(.debug_addr)
OUTPUT(bin/Release/dps5005control.elf elf32-avr)
LOAD linker stubs

Cross Reference Table

Symbol                                            File
Avalue                                            obj/Release/main.o
Vvalue                                            obj/Release/main.o
__bad_interrupt                                   /usr/lib/gcc/avr/7.2.0/../../../../avr/lib/avr25/tiny-stack/crtattiny2313.o
__bss_end                                         /usr/lib/gcc/avr/7.2.0/avr25/tiny-stack/libgcc.a(_clear_bss.o)
__bss_start                                       /usr/lib/gcc/avr/7.2.0/avr25/tiny-stack/libgcc.a(_clear_bss.o)
__data_end                                        /usr/lib/gcc/avr/7.2.0/avr25/tiny-stack/libgcc.a(_copy_data.o)
__data_load_start                                 /usr/lib/gcc/avr/7.2.0/avr25/tiny-stack/libgcc.a(_copy_data.o)
__data_start                                      /usr/lib/gcc/avr/7.2.0/avr25/tiny-stack/libgcc.a(_copy_data.o)
__do_clear_bss                                    /usr/lib/gcc/avr/7.2.0/avr25/tiny-stack/libgcc.a(_clear_bss.o)
                                                  obj/Release/uart.o
                                                  obj/Release/main.o
__do_copy_data                                    /usr/lib/gcc/avr/7.2.0/avr25/tiny-stack/libgcc.a(_copy_data.o)
                                                  obj/Release/main.o
__heap_end                                        /usr/lib/gcc/avr/7.2.0/../../../../avr/lib/avr25/tiny-stack/crtattiny2313.o
__init                                            /usr/lib/gcc/avr/7.2.0/../../../../avr/lib/avr25/tiny-stack/crtattiny2313.o
__stack                                           /usr/lib/gcc/avr/7.2.0/../../../../avr/lib/avr25/tiny-stack/crtattiny2313.o
__udivmodhi4                                      /usr/lib/gcc/avr/7.2.0/avr25/tiny-stack/libgcc.a(_udivmodhi4.o)
                                                  obj/Release/main.o
__vector_1                                        /usr/lib/gcc/avr/7.2.0/../../../../avr/lib/avr25/tiny-stack/crtattiny2313.o
__vector_10                                       /usr/lib/gcc/avr/7.2.0/../../../../avr/lib/avr25/tiny-stack/crtattiny2313.o
__vector_11                                       /usr/lib/gcc/avr/7.2.0/../../../../avr/lib/avr25/tiny-stack/crtattiny2313.o
__vector_12                                       /usr/lib/gcc/avr/7.2.0/../../../../avr/lib/avr25/tiny-stack/crtattiny2313.o
__vector_13                                       /usr/lib/gcc/avr/7.2.0/../../../../avr/lib/avr25/tiny-stack/crtattiny2313.o
__vector_14                                       /usr/lib/gcc/avr/7.2.0/../../../../avr/lib/avr25/tiny-stack/crtattiny2313.o
__vector_15                                       /usr/lib/gcc/avr/7.2.0/../../../../avr/lib/avr25/tiny-stack/crtattiny2313.o
__vector_16                                       /usr/lib/gcc/avr/7.2.0/../../../../avr/lib/avr25/tiny-stack/crtattiny2313.o
__vector_17                                       /usr/lib/gcc/avr/7.2.0/../../../../avr/lib/avr25/tiny-stack/crtattiny2313.o
__vector_18                                       /usr/lib/gcc/avr/7.2.0/../../../../avr/lib/avr25/tiny-stack/crtattiny2313.o
__vector_2                                        /usr/lib/gcc/avr/7.2.0/../../../../avr/lib/avr25/tiny-stack/crtattiny2313.o
__vector_3                                        /usr/lib/gcc/avr/7.2.0/../../../../avr/lib/avr25/tiny-stack/crtattiny2313.o
__vector_4                                        /usr/lib/gcc/avr/7.2.0/../../../../avr/lib/avr25/tiny-stack/crtattiny2313.o
__vector_5                                        /usr/lib/gcc/avr/7.2.0/../../../../avr/lib/avr25/tiny-stack/crtattiny2313.o
__vector_6                                        obj/Release/main.o
                                                  /usr/lib/gcc/avr/7.2.0/../../../../avr/lib/avr25/tiny-stack/crtattiny2313.o
__vector_7                                        obj/Release/uart.o
                                                  /usr/lib/gcc/avr/7.2.0/../../../../avr/lib/avr25/tiny-stack/crtattiny2313.o
__vector_8                                        obj/Release/uart.o
                                                  /usr/lib/gcc/avr/7.2.0/../../../../avr/lib/avr25/tiny-stack/crtattiny2313.o
__vector_9                                        /usr/lib/gcc/avr/7.2.0/../../../../avr/lib/avr25/tiny-stack/crtattiny2313.o
__vector_default                                  /usr/lib/gcc/avr/7.2.0/../../../../avr/lib/avr25/tiny-stack/crtattiny2313.o
__vectors                                         /usr/lib/gcc/avr/7.2.0/../../../../avr/lib/avr25/tiny-stack/crtattiny2313.o
_exit                                             /usr/lib/gcc/avr/7.2.0/avr25/tiny-stack/libgcc.a(_exit.o)
amps10x                                           obj/Release/main.o
checkA                                            obj/Release/main.o
checkV                                            obj/Release/main.o
crc16                                             obj/Release/main.o
exit                                              /usr/lib/gcc/avr/7.2.0/avr25/tiny-stack/libgcc.a(_exit.o)
                                                  /usr/lib/gcc/avr/7.2.0/../../../../avr/lib/avr25/tiny-stack/crtattiny2313.o
main                                              obj/Release/main.o
                                                  /usr/lib/gcc/avr/7.2.0/../../../../avr/lib/avr25/tiny-stack/crtattiny2313.o
millis_init                                       obj/Release/main.o
now                                               obj/Release/main.o
readva                                            obj/Release/main.o
rotary_init                                       obj/Release/main.o
rotary_process_1                                  obj/Release/main.o
rotary_process_2                                  obj/Release/main.o
setamps                                           obj/Release/main.o
setvolts                                          obj/Release/main.o
state_1                                           obj/Release/main.o
state_2                                           obj/Release/main.o
tick                                              obj/Release/main.o
ttable                                            obj/Release/main.o
uart_flush                                        obj/Release/uart.o
                                                  obj/Release/main.o
uart_getc                                         obj/Release/uart.o
                                                  obj/Release/main.o
uart_init                                         obj/Release/uart.o
                                                  obj/Release/main.o
uart_putc                                         obj/Release/uart.o
                                                  obj/Release/main.o
uart_puts                                         obj/Release/uart.o
uart_puts_p                                       obj/Release/uart.o
volt10x                                           obj/Release/main.o
